Analysis & Synthesis report for FPGA_Bionic_Robot_Arm
Sun Aug 10 01:13:10 2025
Quartus Prime Version 16.1.2 Build 203 01/18/2017 SJ Lite Edition


---------------------
; Table of Contents ;
---------------------
  1. Legal Notice
  2. Analysis & Synthesis Summary
  3. Analysis & Synthesis Settings
  4. Parallel Compilation
  5. Analysis & Synthesis Source Files Read
  6. Analysis & Synthesis Resource Usage Summary
  7. Analysis & Synthesis Resource Utilization by Entity
  8. Analysis & Synthesis DSP Block Usage Summary
  9. Registers Removed During Synthesis
 10. General Register Statistics
 11. Inverted Register Statistics
 12. Multiplexer Restructuring Statistics (Restructuring Performed)
 13. Parameter Settings for User Entity Instance: pwm_test:pwm_inst|servo_pwm:u0
 14. Parameter Settings for User Entity Instance: pwm_test:pwm_inst|servo_pwm:u1
 15. Parameter Settings for User Entity Instance: pwm_test:pwm_inst|servo_pwm:u2
 16. Parameter Settings for User Entity Instance: pwm_test:pwm_inst|servo_pwm:u3
 17. Parameter Settings for User Entity Instance: pwm_test:pwm_inst|servo_pwm:u4
 18. Post-Synthesis Netlist Statistics for Top Partition
 19. Elapsed Time Per Partition
 20. Analysis & Synthesis Messages



----------------
; Legal Notice ;
----------------
Copyright (C) 2017  Intel Corporation. All rights reserved.
Your use of Intel Corporation's design tools, logic functions 
and other software and tools, and its AMPP partner logic 
functions, and any output files from any of the foregoing 
(including device programming or simulation files), and any 
associated documentation or information are expressly subject 
to the terms and conditions of the Intel Program License 
Subscription Agreement, the Intel Quartus Prime License Agreement,
the Intel MegaCore Function License Agreement, or other 
applicable license agreement, including, without limitation, 
that your use is for the sole purpose of programming logic 
devices manufactured by Intel and sold by Intel or its 
authorized distributors.  Please refer to the applicable 
agreement for further details.



+-------------------------------------------------------------------------------+
; Analysis & Synthesis Summary                                                  ;
+---------------------------------+---------------------------------------------+
; Analysis & Synthesis Status     ; Successful - Sun Aug 10 01:13:10 2025       ;
; Quartus Prime Version           ; 16.1.2 Build 203 01/18/2017 SJ Lite Edition ;
; Revision Name                   ; FPGA_Bionic_Robot_Arm                       ;
; Top-level Entity Name           ; FPGA_Bionic_Robot_Arm                       ;
; Family                          ; Cyclone V                                   ;
; Logic utilization (in ALMs)     ; N/A                                         ;
; Total registers                 ; 187                                         ;
; Total pins                      ; 6                                           ;
; Total virtual pins              ; 0                                           ;
; Total block memory bits         ; 0                                           ;
; Total DSP Blocks                ; 5                                           ;
; Total HSSI RX PCSs              ; 0                                           ;
; Total HSSI PMA RX Deserializers ; 0                                           ;
; Total HSSI TX PCSs              ; 0                                           ;
; Total HSSI PMA TX Serializers   ; 0                                           ;
; Total PLLs                      ; 0                                           ;
; Total DLLs                      ; 0                                           ;
+---------------------------------+---------------------------------------------+


+---------------------------------------------------------------------------------------------------------------------------------+
; Analysis & Synthesis Settings                                                                                                   ;
+---------------------------------------------------------------------------------+-----------------------+-----------------------+
; Option                                                                          ; Setting               ; Default Value         ;
+---------------------------------------------------------------------------------+-----------------------+-----------------------+
; Device                                                                          ; 5CSEMA5F31C6          ;                       ;
; Top-level entity name                                                           ; FPGA_Bionic_Robot_Arm ; FPGA_Bionic_Robot_Arm ;
; Family name                                                                     ; Cyclone V             ; Cyclone V             ;
; Use smart compilation                                                           ; Off                   ; Off                   ;
; Enable parallel Assembler and TimeQuest Timing Analyzer during compilation      ; On                    ; On                    ;
; Enable compact report table                                                     ; Off                   ; Off                   ;
; Restructure Multiplexers                                                        ; Auto                  ; Auto                  ;
; MLAB Add Timing Constraints For Mixed-Port Feed-Through Mode Setting Don't Care ; Off                   ; Off                   ;
; Create Debugging Nodes for IP Cores                                             ; Off                   ; Off                   ;
; Preserve fewer node names                                                       ; On                    ; On                    ;
; OpenCore Plus hardware evaluation                                               ; Enable                ; Enable                ;
; Verilog Version                                                                 ; Verilog_2001          ; Verilog_2001          ;
; VHDL Version                                                                    ; VHDL_1993             ; VHDL_1993             ;
; State Machine Processing                                                        ; Auto                  ; Auto                  ;
; Safe State Machine                                                              ; Off                   ; Off                   ;
; Extract Verilog State Machines                                                  ; On                    ; On                    ;
; Extract VHDL State Machines                                                     ; On                    ; On                    ;
; Ignore Verilog initial constructs                                               ; Off                   ; Off                   ;
; Iteration limit for constant Verilog loops                                      ; 5000                  ; 5000                  ;
; Iteration limit for non-constant Verilog loops                                  ; 250                   ; 250                   ;
; Add Pass-Through Logic to Inferred RAMs                                         ; On                    ; On                    ;
; Infer RAMs from Raw Logic                                                       ; On                    ; On                    ;
; Parallel Synthesis                                                              ; On                    ; On                    ;
; DSP Block Balancing                                                             ; Auto                  ; Auto                  ;
; NOT Gate Push-Back                                                              ; On                    ; On                    ;
; Power-Up Don't Care                                                             ; On                    ; On                    ;
; Remove Redundant Logic Cells                                                    ; Off                   ; Off                   ;
; Remove Duplicate Registers                                                      ; On                    ; On                    ;
; Ignore CARRY Buffers                                                            ; Off                   ; Off                   ;
; Ignore CASCADE Buffers                                                          ; Off                   ; Off                   ;
; Ignore GLOBAL Buffers                                                           ; Off                   ; Off                   ;
; Ignore ROW GLOBAL Buffers                                                       ; Off                   ; Off                   ;
; Ignore LCELL Buffers                                                            ; Off                   ; Off                   ;
; Ignore SOFT Buffers                                                             ; On                    ; On                    ;
; Limit AHDL Integers to 32 Bits                                                  ; Off                   ; Off                   ;
; Optimization Technique                                                          ; Balanced              ; Balanced              ;
; Carry Chain Length                                                              ; 70                    ; 70                    ;
; Auto Carry Chains                                                               ; On                    ; On                    ;
; Auto Open-Drain Pins                                                            ; On                    ; On                    ;
; Perform WYSIWYG Primitive Resynthesis                                           ; Off                   ; Off                   ;
; Auto ROM Replacement                                                            ; On                    ; On                    ;
; Auto RAM Replacement                                                            ; On                    ; On                    ;
; Auto DSP Block Replacement                                                      ; On                    ; On                    ;
; Auto Shift Register Replacement                                                 ; Auto                  ; Auto                  ;
; Allow Shift Register Merging across Hierarchies                                 ; Auto                  ; Auto                  ;
; Auto Clock Enable Replacement                                                   ; On                    ; On                    ;
; Strict RAM Replacement                                                          ; Off                   ; Off                   ;
; Allow Synchronous Control Signals                                               ; On                    ; On                    ;
; Force Use of Synchronous Clear Signals                                          ; Off                   ; Off                   ;
; Auto Resource Sharing                                                           ; Off                   ; Off                   ;
; Allow Any RAM Size For Recognition                                              ; Off                   ; Off                   ;
; Allow Any ROM Size For Recognition                                              ; Off                   ; Off                   ;
; Allow Any Shift Register Size For Recognition                                   ; Off                   ; Off                   ;
; Use LogicLock Constraints during Resource Balancing                             ; On                    ; On                    ;
; Ignore translate_off and synthesis_off directives                               ; Off                   ; Off                   ;
; Timing-Driven Synthesis                                                         ; On                    ; On                    ;
; Report Parameter Settings                                                       ; On                    ; On                    ;
; Report Source Assignments                                                       ; On                    ; On                    ;
; Report Connectivity Checks                                                      ; On                    ; On                    ;
; Ignore Maximum Fan-Out Assignments                                              ; Off                   ; Off                   ;
; Synchronization Register Chain Length                                           ; 3                     ; 3                     ;
; PowerPlay Power Optimization During Synthesis                                   ; Normal compilation    ; Normal compilation    ;
; HDL message level                                                               ; Level2                ; Level2                ;
; Suppress Register Optimization Related Messages                                 ; Off                   ; Off                   ;
; Number of Removed Registers Reported in Synthesis Report                        ; 5000                  ; 5000                  ;
; Number of Swept Nodes Reported in Synthesis Report                              ; 5000                  ; 5000                  ;
; Number of Inverted Registers Reported in Synthesis Report                       ; 100                   ; 100                   ;
; Clock MUX Protection                                                            ; On                    ; On                    ;
; Auto Gated Clock Conversion                                                     ; Off                   ; Off                   ;
; Block Design Naming                                                             ; Auto                  ; Auto                  ;
; SDC constraint protection                                                       ; Off                   ; Off                   ;
; Synthesis Effort                                                                ; Auto                  ; Auto                  ;
; Shift Register Replacement - Allow Asynchronous Clear Signal                    ; On                    ; On                    ;
; Pre-Mapping Resynthesis Optimization                                            ; Off                   ; Off                   ;
; Analysis & Synthesis Message Level                                              ; Medium                ; Medium                ;
; Disable Register Merging Across Hierarchies                                     ; Auto                  ; Auto                  ;
; Resource Aware Inference For Block RAM                                          ; On                    ; On                    ;
; Automatic Parallel Synthesis                                                    ; On                    ; On                    ;
; Partial Reconfiguration Bitstream ID                                            ; Off                   ; Off                   ;
+---------------------------------------------------------------------------------+-----------------------+-----------------------+


+------------------------------------------+
; Parallel Compilation                     ;
+----------------------------+-------------+
; Processors                 ; Number      ;
+----------------------------+-------------+
; Number detected on machine ; 20          ;
; Maximum allowed            ; 14          ;
;                            ;             ;
; Average used               ; 1.00        ;
; Maximum used               ; 14          ;
;                            ;             ;
; Usage by Processor         ; % Time Used ;
;     Processor 1            ; 100.0%      ;
;     Processors 2-14        ;   0.0%      ;
+----------------------------+-------------+


+---------------------------------------------------------------------------------------------------------------------------------------------------------------------------------------------+
; Analysis & Synthesis Source Files Read                                                                                                                                                      ;
+----------------------------------+-----------------+------------------------+-----------------------------------------------------------------------------------------------------+---------+
; File Name with User-Entered Path ; Used in Netlist ; File Type              ; File Name with Absolute Path                                                                        ; Library ;
+----------------------------------+-----------------+------------------------+-----------------------------------------------------------------------------------------------------+---------+
; servo_pwm.v                      ; yes             ; User Verilog HDL File  ; C:/Users/renew/Downloads/vscode/FPGA-Bionic-Robot-Arm/FPGA_Bionic_Robot_Arm/servo_pwm.v             ;         ;
; pwm_test.v                       ; yes             ; User Verilog HDL File  ; C:/Users/renew/Downloads/vscode/FPGA-Bionic-Robot-Arm/FPGA_Bionic_Robot_Arm/pwm_test.v              ;         ;
; FPGA_Bionic_Robot_Arm.v          ; yes             ; User Verilog HDL File  ; C:/Users/renew/Downloads/vscode/FPGA-Bionic-Robot-Arm/FPGA_Bionic_Robot_Arm/FPGA_Bionic_Robot_Arm.v ;         ;
+----------------------------------+-----------------+------------------------+-----------------------------------------------------------------------------------------------------+---------+


+--------------------------------------------------------------+
; Analysis & Synthesis Resource Usage Summary                  ;
+---------------------------------------------+----------------+
; Resource                                    ; Usage          ;
+---------------------------------------------+----------------+
; Estimate of Logic utilization (ALMs needed) ; 156            ;
;                                             ;                ;
; Combinational ALUT usage for logic          ; 227            ;
;     -- 7 input functions                    ; 0              ;
;     -- 6 input functions                    ; 70             ;
;     -- 5 input functions                    ; 27             ;
;     -- 4 input functions                    ; 22             ;
;     -- <=3 input functions                  ; 108            ;
;                                             ;                ;
; Dedicated logic registers                   ; 187            ;
;                                             ;                ;
; I/O pins                                    ; 6              ;
;                                             ;                ;
; Total DSP Blocks                            ; 5              ;
;                                             ;                ;
; Maximum fan-out node                        ; CLOCK_50~input ;
; Maximum fan-out                             ; 187            ;
; Total fan-out                               ; 1347           ;
; Average fan-out                             ; 3.13           ;
+---------------------------------------------+----------------+


+------------------------------------------------------------------------------------------------------------------------------------------------------------------------------------------------------------------------------------+
; Analysis & Synthesis Resource Utilization by Entity                                                                                                                                                                                ;
+----------------------------+---------------------+---------------------------+-------------------+------------+------+--------------+-------------------------------------------------------+-----------------------+--------------+
; Compilation Hierarchy Node ; Combinational ALUTs ; Dedicated Logic Registers ; Block Memory Bits ; DSP Blocks ; Pins ; Virtual Pins ; Full Hierarchy Name                                   ; Entity Name           ; Library Name ;
+----------------------------+---------------------+---------------------------+-------------------+------------+------+--------------+-------------------------------------------------------+-----------------------+--------------+
; |FPGA_Bionic_Robot_Arm     ; 227 (0)             ; 187 (0)                   ; 0                 ; 5          ; 6    ; 0            ; |FPGA_Bionic_Robot_Arm                                ; FPGA_Bionic_Robot_Arm ; work         ;
;    |pwm_test:pwm_inst|     ; 227 (58)            ; 187 (40)                  ; 0                 ; 5          ; 0    ; 0            ; |FPGA_Bionic_Robot_Arm|pwm_test:pwm_inst              ; pwm_test              ; work         ;
;       |servo_pwm:u0|       ; 77 (77)             ; 55 (55)                   ; 0                 ; 1          ; 0    ; 0            ; |FPGA_Bionic_Robot_Arm|pwm_test:pwm_inst|servo_pwm:u0 ; servo_pwm             ; work         ;
;       |servo_pwm:u1|       ; 23 (23)             ; 23 (23)                   ; 0                 ; 1          ; 0    ; 0            ; |FPGA_Bionic_Robot_Arm|pwm_test:pwm_inst|servo_pwm:u1 ; servo_pwm             ; work         ;
;       |servo_pwm:u2|       ; 23 (23)             ; 23 (23)                   ; 0                 ; 1          ; 0    ; 0            ; |FPGA_Bionic_Robot_Arm|pwm_test:pwm_inst|servo_pwm:u2 ; servo_pwm             ; work         ;
;       |servo_pwm:u3|       ; 23 (23)             ; 23 (23)                   ; 0                 ; 1          ; 0    ; 0            ; |FPGA_Bionic_Robot_Arm|pwm_test:pwm_inst|servo_pwm:u3 ; servo_pwm             ; work         ;
;       |servo_pwm:u4|       ; 23 (23)             ; 23 (23)                   ; 0                 ; 1          ; 0    ; 0            ; |FPGA_Bionic_Robot_Arm|pwm_test:pwm_inst|servo_pwm:u4 ; servo_pwm             ; work         ;
+----------------------------+---------------------+---------------------------+-------------------+------------+------+--------------+-------------------------------------------------------+-----------------------+--------------+
Note: For table entries with two numbers listed, the numbers in parentheses indicate the number of resources of the given type used by the specific entity alone. The numbers listed outside of parentheses indicate the total resources of the given type used by the specific entity and all of its sub-entities in the hierarchy.


+-----------------------------------------------+
; Analysis & Synthesis DSP Block Usage Summary  ;
+---------------------------------+-------------+
; Statistic                       ; Number Used ;
+---------------------------------+-------------+
; Two Independent 18x18           ; 5           ;
; Total number of DSP blocks      ; 5           ;
;                                 ;             ;
; Fixed Point Unsigned Multiplier ; 5           ;
+---------------------------------+-------------+


+--------------------------------------------------------------------------------------------------------+
; Registers Removed During Synthesis                                                                     ;
+---------------------------------------------------+----------------------------------------------------+
; Register name                                     ; Reason for Removal                                 ;
+---------------------------------------------------+----------------------------------------------------+
; pwm_test:pwm_inst|servo_pwm:u4|high_ticks[22..31] ; Stuck at GND due to stuck port data_in             ;
; pwm_test:pwm_inst|servo_pwm:u3|high_ticks[22..31] ; Stuck at GND due to stuck port data_in             ;
; pwm_test:pwm_inst|servo_pwm:u2|high_ticks[22..31] ; Stuck at GND due to stuck port data_in             ;
; pwm_test:pwm_inst|servo_pwm:u1|high_ticks[22..31] ; Stuck at GND due to stuck port data_in             ;
; pwm_test:pwm_inst|servo_pwm:u0|high_ticks[22..31] ; Stuck at GND due to stuck port data_in             ;
; pwm_test:pwm_inst|servo_pwm:u1|ctr[31]            ; Merged with pwm_test:pwm_inst|servo_pwm:u0|ctr[31] ;
; pwm_test:pwm_inst|servo_pwm:u2|ctr[31]            ; Merged with pwm_test:pwm_inst|servo_pwm:u0|ctr[31] ;
; pwm_test:pwm_inst|servo_pwm:u3|ctr[31]            ; Merged with pwm_test:pwm_inst|servo_pwm:u0|ctr[31] ;
; pwm_test:pwm_inst|servo_pwm:u4|ctr[31]            ; Merged with pwm_test:pwm_inst|servo_pwm:u0|ctr[31] ;
; pwm_test:pwm_inst|servo_pwm:u1|ctr[30]            ; Merged with pwm_test:pwm_inst|servo_pwm:u0|ctr[30] ;
; pwm_test:pwm_inst|servo_pwm:u2|ctr[30]            ; Merged with pwm_test:pwm_inst|servo_pwm:u0|ctr[30] ;
; pwm_test:pwm_inst|servo_pwm:u3|ctr[30]            ; Merged with pwm_test:pwm_inst|servo_pwm:u0|ctr[30] ;
; pwm_test:pwm_inst|servo_pwm:u4|ctr[30]            ; Merged with pwm_test:pwm_inst|servo_pwm:u0|ctr[30] ;
; pwm_test:pwm_inst|servo_pwm:u1|ctr[29]            ; Merged with pwm_test:pwm_inst|servo_pwm:u0|ctr[29] ;
; pwm_test:pwm_inst|servo_pwm:u2|ctr[29]            ; Merged with pwm_test:pwm_inst|servo_pwm:u0|ctr[29] ;
; pwm_test:pwm_inst|servo_pwm:u3|ctr[29]            ; Merged with pwm_test:pwm_inst|servo_pwm:u0|ctr[29] ;
; pwm_test:pwm_inst|servo_pwm:u4|ctr[29]            ; Merged with pwm_test:pwm_inst|servo_pwm:u0|ctr[29] ;
; pwm_test:pwm_inst|servo_pwm:u1|ctr[28]            ; Merged with pwm_test:pwm_inst|servo_pwm:u0|ctr[28] ;
; pwm_test:pwm_inst|servo_pwm:u2|ctr[28]            ; Merged with pwm_test:pwm_inst|servo_pwm:u0|ctr[28] ;
; pwm_test:pwm_inst|servo_pwm:u3|ctr[28]            ; Merged with pwm_test:pwm_inst|servo_pwm:u0|ctr[28] ;
; pwm_test:pwm_inst|servo_pwm:u4|ctr[28]            ; Merged with pwm_test:pwm_inst|servo_pwm:u0|ctr[28] ;
; pwm_test:pwm_inst|servo_pwm:u1|ctr[27]            ; Merged with pwm_test:pwm_inst|servo_pwm:u0|ctr[27] ;
; pwm_test:pwm_inst|servo_pwm:u2|ctr[27]            ; Merged with pwm_test:pwm_inst|servo_pwm:u0|ctr[27] ;
; pwm_test:pwm_inst|servo_pwm:u3|ctr[27]            ; Merged with pwm_test:pwm_inst|servo_pwm:u0|ctr[27] ;
; pwm_test:pwm_inst|servo_pwm:u4|ctr[27]            ; Merged with pwm_test:pwm_inst|servo_pwm:u0|ctr[27] ;
; pwm_test:pwm_inst|servo_pwm:u1|ctr[26]            ; Merged with pwm_test:pwm_inst|servo_pwm:u0|ctr[26] ;
; pwm_test:pwm_inst|servo_pwm:u2|ctr[26]            ; Merged with pwm_test:pwm_inst|servo_pwm:u0|ctr[26] ;
; pwm_test:pwm_inst|servo_pwm:u3|ctr[26]            ; Merged with pwm_test:pwm_inst|servo_pwm:u0|ctr[26] ;
; pwm_test:pwm_inst|servo_pwm:u4|ctr[26]            ; Merged with pwm_test:pwm_inst|servo_pwm:u0|ctr[26] ;
; pwm_test:pwm_inst|servo_pwm:u1|ctr[25]            ; Merged with pwm_test:pwm_inst|servo_pwm:u0|ctr[25] ;
; pwm_test:pwm_inst|servo_pwm:u2|ctr[25]            ; Merged with pwm_test:pwm_inst|servo_pwm:u0|ctr[25] ;
; pwm_test:pwm_inst|servo_pwm:u3|ctr[25]            ; Merged with pwm_test:pwm_inst|servo_pwm:u0|ctr[25] ;
; pwm_test:pwm_inst|servo_pwm:u4|ctr[25]            ; Merged with pwm_test:pwm_inst|servo_pwm:u0|ctr[25] ;
; pwm_test:pwm_inst|servo_pwm:u1|ctr[24]            ; Merged with pwm_test:pwm_inst|servo_pwm:u0|ctr[24] ;
; pwm_test:pwm_inst|servo_pwm:u2|ctr[24]            ; Merged with pwm_test:pwm_inst|servo_pwm:u0|ctr[24] ;
; pwm_test:pwm_inst|servo_pwm:u3|ctr[24]            ; Merged with pwm_test:pwm_inst|servo_pwm:u0|ctr[24] ;
; pwm_test:pwm_inst|servo_pwm:u4|ctr[24]            ; Merged with pwm_test:pwm_inst|servo_pwm:u0|ctr[24] ;
; pwm_test:pwm_inst|servo_pwm:u1|ctr[23]            ; Merged with pwm_test:pwm_inst|servo_pwm:u0|ctr[23] ;
; pwm_test:pwm_inst|servo_pwm:u2|ctr[23]            ; Merged with pwm_test:pwm_inst|servo_pwm:u0|ctr[23] ;
; pwm_test:pwm_inst|servo_pwm:u3|ctr[23]            ; Merged with pwm_test:pwm_inst|servo_pwm:u0|ctr[23] ;
; pwm_test:pwm_inst|servo_pwm:u4|ctr[23]            ; Merged with pwm_test:pwm_inst|servo_pwm:u0|ctr[23] ;
; pwm_test:pwm_inst|servo_pwm:u1|ctr[22]            ; Merged with pwm_test:pwm_inst|servo_pwm:u0|ctr[22] ;
; pwm_test:pwm_inst|servo_pwm:u2|ctr[22]            ; Merged with pwm_test:pwm_inst|servo_pwm:u0|ctr[22] ;
; pwm_test:pwm_inst|servo_pwm:u3|ctr[22]            ; Merged with pwm_test:pwm_inst|servo_pwm:u0|ctr[22] ;
; pwm_test:pwm_inst|servo_pwm:u4|ctr[22]            ; Merged with pwm_test:pwm_inst|servo_pwm:u0|ctr[22] ;
; pwm_test:pwm_inst|servo_pwm:u1|ctr[21]            ; Merged with pwm_test:pwm_inst|servo_pwm:u0|ctr[21] ;
; pwm_test:pwm_inst|servo_pwm:u2|ctr[21]            ; Merged with pwm_test:pwm_inst|servo_pwm:u0|ctr[21] ;
; pwm_test:pwm_inst|servo_pwm:u3|ctr[21]            ; Merged with pwm_test:pwm_inst|servo_pwm:u0|ctr[21] ;
; pwm_test:pwm_inst|servo_pwm:u4|ctr[21]            ; Merged with pwm_test:pwm_inst|servo_pwm:u0|ctr[21] ;
; pwm_test:pwm_inst|servo_pwm:u1|ctr[20]            ; Merged with pwm_test:pwm_inst|servo_pwm:u0|ctr[20] ;
; pwm_test:pwm_inst|servo_pwm:u2|ctr[20]            ; Merged with pwm_test:pwm_inst|servo_pwm:u0|ctr[20] ;
; pwm_test:pwm_inst|servo_pwm:u3|ctr[20]            ; Merged with pwm_test:pwm_inst|servo_pwm:u0|ctr[20] ;
; pwm_test:pwm_inst|servo_pwm:u4|ctr[20]            ; Merged with pwm_test:pwm_inst|servo_pwm:u0|ctr[20] ;
; pwm_test:pwm_inst|servo_pwm:u1|ctr[19]            ; Merged with pwm_test:pwm_inst|servo_pwm:u0|ctr[19] ;
; pwm_test:pwm_inst|servo_pwm:u2|ctr[19]            ; Merged with pwm_test:pwm_inst|servo_pwm:u0|ctr[19] ;
; pwm_test:pwm_inst|servo_pwm:u3|ctr[19]            ; Merged with pwm_test:pwm_inst|servo_pwm:u0|ctr[19] ;
; pwm_test:pwm_inst|servo_pwm:u4|ctr[19]            ; Merged with pwm_test:pwm_inst|servo_pwm:u0|ctr[19] ;
; pwm_test:pwm_inst|servo_pwm:u1|ctr[18]            ; Merged with pwm_test:pwm_inst|servo_pwm:u0|ctr[18] ;
; pwm_test:pwm_inst|servo_pwm:u2|ctr[18]            ; Merged with pwm_test:pwm_inst|servo_pwm:u0|ctr[18] ;
; pwm_test:pwm_inst|servo_pwm:u3|ctr[18]            ; Merged with pwm_test:pwm_inst|servo_pwm:u0|ctr[18] ;
; pwm_test:pwm_inst|servo_pwm:u4|ctr[18]            ; Merged with pwm_test:pwm_inst|servo_pwm:u0|ctr[18] ;
; pwm_test:pwm_inst|servo_pwm:u1|ctr[17]            ; Merged with pwm_test:pwm_inst|servo_pwm:u0|ctr[17] ;
; pwm_test:pwm_inst|servo_pwm:u2|ctr[17]            ; Merged with pwm_test:pwm_inst|servo_pwm:u0|ctr[17] ;
; pwm_test:pwm_inst|servo_pwm:u3|ctr[17]            ; Merged with pwm_test:pwm_inst|servo_pwm:u0|ctr[17] ;
; pwm_test:pwm_inst|servo_pwm:u4|ctr[17]            ; Merged with pwm_test:pwm_inst|servo_pwm:u0|ctr[17] ;
; pwm_test:pwm_inst|servo_pwm:u1|ctr[16]            ; Merged with pwm_test:pwm_inst|servo_pwm:u0|ctr[16] ;
; pwm_test:pwm_inst|servo_pwm:u2|ctr[16]            ; Merged with pwm_test:pwm_inst|servo_pwm:u0|ctr[16] ;
; pwm_test:pwm_inst|servo_pwm:u3|ctr[16]            ; Merged with pwm_test:pwm_inst|servo_pwm:u0|ctr[16] ;
; pwm_test:pwm_inst|servo_pwm:u4|ctr[16]            ; Merged with pwm_test:pwm_inst|servo_pwm:u0|ctr[16] ;
; pwm_test:pwm_inst|servo_pwm:u1|ctr[15]            ; Merged with pwm_test:pwm_inst|servo_pwm:u0|ctr[15] ;
; pwm_test:pwm_inst|servo_pwm:u2|ctr[15]            ; Merged with pwm_test:pwm_inst|servo_pwm:u0|ctr[15] ;
; pwm_test:pwm_inst|servo_pwm:u3|ctr[15]            ; Merged with pwm_test:pwm_inst|servo_pwm:u0|ctr[15] ;
; pwm_test:pwm_inst|servo_pwm:u4|ctr[15]            ; Merged with pwm_test:pwm_inst|servo_pwm:u0|ctr[15] ;
; pwm_test:pwm_inst|servo_pwm:u1|ctr[14]            ; Merged with pwm_test:pwm_inst|servo_pwm:u0|ctr[14] ;
; pwm_test:pwm_inst|servo_pwm:u2|ctr[14]            ; Merged with pwm_test:pwm_inst|servo_pwm:u0|ctr[14] ;
; pwm_test:pwm_inst|servo_pwm:u3|ctr[14]            ; Merged with pwm_test:pwm_inst|servo_pwm:u0|ctr[14] ;
; pwm_test:pwm_inst|servo_pwm:u4|ctr[14]            ; Merged with pwm_test:pwm_inst|servo_pwm:u0|ctr[14] ;
; pwm_test:pwm_inst|servo_pwm:u1|ctr[13]            ; Merged with pwm_test:pwm_inst|servo_pwm:u0|ctr[13] ;
; pwm_test:pwm_inst|servo_pwm:u2|ctr[13]            ; Merged with pwm_test:pwm_inst|servo_pwm:u0|ctr[13] ;
; pwm_test:pwm_inst|servo_pwm:u3|ctr[13]            ; Merged with pwm_test:pwm_inst|servo_pwm:u0|ctr[13] ;
; pwm_test:pwm_inst|servo_pwm:u4|ctr[13]            ; Merged with pwm_test:pwm_inst|servo_pwm:u0|ctr[13] ;
; pwm_test:pwm_inst|servo_pwm:u1|ctr[12]            ; Merged with pwm_test:pwm_inst|servo_pwm:u0|ctr[12] ;
; pwm_test:pwm_inst|servo_pwm:u2|ctr[12]            ; Merged with pwm_test:pwm_inst|servo_pwm:u0|ctr[12] ;
; pwm_test:pwm_inst|servo_pwm:u3|ctr[12]            ; Merged with pwm_test:pwm_inst|servo_pwm:u0|ctr[12] ;
; pwm_test:pwm_inst|servo_pwm:u4|ctr[12]            ; Merged with pwm_test:pwm_inst|servo_pwm:u0|ctr[12] ;
; pwm_test:pwm_inst|servo_pwm:u1|ctr[11]            ; Merged with pwm_test:pwm_inst|servo_pwm:u0|ctr[11] ;
; pwm_test:pwm_inst|servo_pwm:u2|ctr[11]            ; Merged with pwm_test:pwm_inst|servo_pwm:u0|ctr[11] ;
; pwm_test:pwm_inst|servo_pwm:u3|ctr[11]            ; Merged with pwm_test:pwm_inst|servo_pwm:u0|ctr[11] ;
; pwm_test:pwm_inst|servo_pwm:u4|ctr[11]            ; Merged with pwm_test:pwm_inst|servo_pwm:u0|ctr[11] ;
; pwm_test:pwm_inst|servo_pwm:u1|ctr[10]            ; Merged with pwm_test:pwm_inst|servo_pwm:u0|ctr[10] ;
; pwm_test:pwm_inst|servo_pwm:u2|ctr[10]            ; Merged with pwm_test:pwm_inst|servo_pwm:u0|ctr[10] ;
; pwm_test:pwm_inst|servo_pwm:u3|ctr[10]            ; Merged with pwm_test:pwm_inst|servo_pwm:u0|ctr[10] ;
; pwm_test:pwm_inst|servo_pwm:u4|ctr[10]            ; Merged with pwm_test:pwm_inst|servo_pwm:u0|ctr[10] ;
; pwm_test:pwm_inst|servo_pwm:u1|ctr[9]             ; Merged with pwm_test:pwm_inst|servo_pwm:u0|ctr[9]  ;
; pwm_test:pwm_inst|servo_pwm:u2|ctr[9]             ; Merged with pwm_test:pwm_inst|servo_pwm:u0|ctr[9]  ;
; pwm_test:pwm_inst|servo_pwm:u3|ctr[9]             ; Merged with pwm_test:pwm_inst|servo_pwm:u0|ctr[9]  ;
; pwm_test:pwm_inst|servo_pwm:u4|ctr[9]             ; Merged with pwm_test:pwm_inst|servo_pwm:u0|ctr[9]  ;
; pwm_test:pwm_inst|servo_pwm:u1|ctr[8]             ; Merged with pwm_test:pwm_inst|servo_pwm:u0|ctr[8]  ;
; pwm_test:pwm_inst|servo_pwm:u2|ctr[8]             ; Merged with pwm_test:pwm_inst|servo_pwm:u0|ctr[8]  ;
; pwm_test:pwm_inst|servo_pwm:u3|ctr[8]             ; Merged with pwm_test:pwm_inst|servo_pwm:u0|ctr[8]  ;
; pwm_test:pwm_inst|servo_pwm:u4|ctr[8]             ; Merged with pwm_test:pwm_inst|servo_pwm:u0|ctr[8]  ;
; pwm_test:pwm_inst|servo_pwm:u1|ctr[7]             ; Merged with pwm_test:pwm_inst|servo_pwm:u0|ctr[7]  ;
; pwm_test:pwm_inst|servo_pwm:u2|ctr[7]             ; Merged with pwm_test:pwm_inst|servo_pwm:u0|ctr[7]  ;
; pwm_test:pwm_inst|servo_pwm:u3|ctr[7]             ; Merged with pwm_test:pwm_inst|servo_pwm:u0|ctr[7]  ;
; pwm_test:pwm_inst|servo_pwm:u4|ctr[7]             ; Merged with pwm_test:pwm_inst|servo_pwm:u0|ctr[7]  ;
; pwm_test:pwm_inst|servo_pwm:u1|ctr[6]             ; Merged with pwm_test:pwm_inst|servo_pwm:u0|ctr[6]  ;
; pwm_test:pwm_inst|servo_pwm:u2|ctr[6]             ; Merged with pwm_test:pwm_inst|servo_pwm:u0|ctr[6]  ;
; pwm_test:pwm_inst|servo_pwm:u3|ctr[6]             ; Merged with pwm_test:pwm_inst|servo_pwm:u0|ctr[6]  ;
; pwm_test:pwm_inst|servo_pwm:u4|ctr[6]             ; Merged with pwm_test:pwm_inst|servo_pwm:u0|ctr[6]  ;
; pwm_test:pwm_inst|servo_pwm:u1|ctr[5]             ; Merged with pwm_test:pwm_inst|servo_pwm:u0|ctr[5]  ;
; pwm_test:pwm_inst|servo_pwm:u2|ctr[5]             ; Merged with pwm_test:pwm_inst|servo_pwm:u0|ctr[5]  ;
; pwm_test:pwm_inst|servo_pwm:u3|ctr[5]             ; Merged with pwm_test:pwm_inst|servo_pwm:u0|ctr[5]  ;
; pwm_test:pwm_inst|servo_pwm:u4|ctr[5]             ; Merged with pwm_test:pwm_inst|servo_pwm:u0|ctr[5]  ;
; pwm_test:pwm_inst|servo_pwm:u1|ctr[4]             ; Merged with pwm_test:pwm_inst|servo_pwm:u0|ctr[4]  ;
; pwm_test:pwm_inst|servo_pwm:u2|ctr[4]             ; Merged with pwm_test:pwm_inst|servo_pwm:u0|ctr[4]  ;
; pwm_test:pwm_inst|servo_pwm:u3|ctr[4]             ; Merged with pwm_test:pwm_inst|servo_pwm:u0|ctr[4]  ;
; pwm_test:pwm_inst|servo_pwm:u4|ctr[4]             ; Merged with pwm_test:pwm_inst|servo_pwm:u0|ctr[4]  ;
; pwm_test:pwm_inst|servo_pwm:u1|ctr[3]             ; Merged with pwm_test:pwm_inst|servo_pwm:u0|ctr[3]  ;
; pwm_test:pwm_inst|servo_pwm:u2|ctr[3]             ; Merged with pwm_test:pwm_inst|servo_pwm:u0|ctr[3]  ;
; pwm_test:pwm_inst|servo_pwm:u3|ctr[3]             ; Merged with pwm_test:pwm_inst|servo_pwm:u0|ctr[3]  ;
; pwm_test:pwm_inst|servo_pwm:u4|ctr[3]             ; Merged with pwm_test:pwm_inst|servo_pwm:u0|ctr[3]  ;
; pwm_test:pwm_inst|servo_pwm:u1|ctr[2]             ; Merged with pwm_test:pwm_inst|servo_pwm:u0|ctr[2]  ;
; pwm_test:pwm_inst|servo_pwm:u2|ctr[2]             ; Merged with pwm_test:pwm_inst|servo_pwm:u0|ctr[2]  ;
; pwm_test:pwm_inst|servo_pwm:u3|ctr[2]             ; Merged with pwm_test:pwm_inst|servo_pwm:u0|ctr[2]  ;
; pwm_test:pwm_inst|servo_pwm:u4|ctr[2]             ; Merged with pwm_test:pwm_inst|servo_pwm:u0|ctr[2]  ;
; pwm_test:pwm_inst|servo_pwm:u1|ctr[1]             ; Merged with pwm_test:pwm_inst|servo_pwm:u0|ctr[1]  ;
; pwm_test:pwm_inst|servo_pwm:u2|ctr[1]             ; Merged with pwm_test:pwm_inst|servo_pwm:u0|ctr[1]  ;
; pwm_test:pwm_inst|servo_pwm:u3|ctr[1]             ; Merged with pwm_test:pwm_inst|servo_pwm:u0|ctr[1]  ;
; pwm_test:pwm_inst|servo_pwm:u4|ctr[1]             ; Merged with pwm_test:pwm_inst|servo_pwm:u0|ctr[1]  ;
; pwm_test:pwm_inst|servo_pwm:u1|ctr[0]             ; Merged with pwm_test:pwm_inst|servo_pwm:u0|ctr[0]  ;
; pwm_test:pwm_inst|servo_pwm:u2|ctr[0]             ; Merged with pwm_test:pwm_inst|servo_pwm:u0|ctr[0]  ;
; pwm_test:pwm_inst|servo_pwm:u3|ctr[0]             ; Merged with pwm_test:pwm_inst|servo_pwm:u0|ctr[0]  ;
; pwm_test:pwm_inst|servo_pwm:u4|ctr[0]             ; Merged with pwm_test:pwm_inst|servo_pwm:u0|ctr[0]  ;
; Total Number of Removed Registers = 178           ;                                                    ;
+---------------------------------------------------+----------------------------------------------------+


+------------------------------------------------------+
; General Register Statistics                          ;
+----------------------------------------------+-------+
; Statistic                                    ; Value ;
+----------------------------------------------+-------+
; Total registers                              ; 187   ;
; Number of registers using Synchronous Clear  ; 32    ;
; Number of registers using Synchronous Load   ; 0     ;
; Number of registers using Asynchronous Clear ; 0     ;
; Number of registers using Asynchronous Load  ; 0     ;
; Number of registers using Clock Enable       ; 15    ;
; Number of registers using Preset             ; 0     ;
+----------------------------------------------+-------+


+--------------------------------------------------+
; Inverted Register Statistics                     ;
+----------------------------------------+---------+
; Inverted Register                      ; Fan out ;
+----------------------------------------+---------+
; pwm_test:pwm_inst|width_us[4]          ; 6       ;
; pwm_test:pwm_inst|width_us[3]          ; 5       ;
; pwm_test:pwm_inst|width_us[2]          ; 4       ;
; pwm_test:pwm_inst|width_us[10]         ; 7       ;
; pwm_test:pwm_inst|width_us[6]          ; 3       ;
; pwm_test:pwm_inst|width_us[7]          ; 3       ;
; pwm_test:pwm_inst|width_us[8]          ; 3       ;
; pwm_test:pwm_inst|dir                  ; 17      ;
; Total number of inverted registers = 8 ;         ;
+----------------------------------------+---------+


+-----------------------------------------------------------------------------------------------------------------------------------------------------------------------------+
; Multiplexer Restructuring Statistics (Restructuring Performed)                                                                                                              ;
+--------------------+-----------+---------------+----------------------+------------------------+------------+---------------------------------------------------------------+
; Multiplexer Inputs ; Bus Width ; Baseline Area ; Area if Restructured ; Saving if Restructured ; Registered ; Example Multiplexer Output                                    ;
+--------------------+-----------+---------------+----------------------+------------------------+------------+---------------------------------------------------------------+
; 3:1                ; 8 bits    ; 16 LEs        ; 8 LEs                ; 8 LEs                  ; Yes        ; |FPGA_Bionic_Robot_Arm|pwm_test:pwm_inst|width_us[1]          ;
; 3:1                ; 7 bits    ; 14 LEs        ; 7 LEs                ; 7 LEs                  ; Yes        ; |FPGA_Bionic_Robot_Arm|pwm_test:pwm_inst|width_us[8]          ;
; 3:1                ; 15 bits   ; 30 LEs        ; 30 LEs               ; 0 LEs                  ; No         ; |FPGA_Bionic_Robot_Arm|pwm_test:pwm_inst|servo_pwm:u0|w_us[3] ;
+--------------------+-----------+---------------+----------------------+------------------------+------------+---------------------------------------------------------------+


+-----------------------------------------------------------------------------+
; Parameter Settings for User Entity Instance: pwm_test:pwm_inst|servo_pwm:u0 ;
+----------------+----------+-------------------------------------------------+
; Parameter Name ; Value    ; Type                                            ;
+----------------+----------+-------------------------------------------------+
; CLK_HZ         ; 50000000 ; Signed Integer                                  ;
; FRAME_US       ; 20000    ; Signed Integer                                  ;
; MIN_US         ; 1000     ; Signed Integer                                  ;
; MAX_US         ; 2000     ; Signed Integer                                  ;
+----------------+----------+-------------------------------------------------+
Note: In order to hide this table in the UI and the text report file, please set the "Show Parameter Settings in Synthesis Report" option in "Analysis and Synthesis Settings -> More Settings" to "Off".


+-----------------------------------------------------------------------------+
; Parameter Settings for User Entity Instance: pwm_test:pwm_inst|servo_pwm:u1 ;
+----------------+----------+-------------------------------------------------+
; Parameter Name ; Value    ; Type                                            ;
+----------------+----------+-------------------------------------------------+
; CLK_HZ         ; 50000000 ; Signed Integer                                  ;
; FRAME_US       ; 20000    ; Signed Integer                                  ;
; MIN_US         ; 1000     ; Signed Integer                                  ;
; MAX_US         ; 2000     ; Signed Integer                                  ;
+----------------+----------+-------------------------------------------------+
Note: In order to hide this table in the UI and the text report file, please set the "Show Parameter Settings in Synthesis Report" option in "Analysis and Synthesis Settings -> More Settings" to "Off".


+-----------------------------------------------------------------------------+
; Parameter Settings for User Entity Instance: pwm_test:pwm_inst|servo_pwm:u2 ;
+----------------+----------+-------------------------------------------------+
; Parameter Name ; Value    ; Type                                            ;
+----------------+----------+-------------------------------------------------+
; CLK_HZ         ; 50000000 ; Signed Integer                                  ;
; FRAME_US       ; 20000    ; Signed Integer                                  ;
; MIN_US         ; 1000     ; Signed Integer                                  ;
; MAX_US         ; 2000     ; Signed Integer                                  ;
+----------------+----------+-------------------------------------------------+
Note: In order to hide this table in the UI and the text report file, please set the "Show Parameter Settings in Synthesis Report" option in "Analysis and Synthesis Settings -> More Settings" to "Off".


+-----------------------------------------------------------------------------+
; Parameter Settings for User Entity Instance: pwm_test:pwm_inst|servo_pwm:u3 ;
+----------------+----------+-------------------------------------------------+
; Parameter Name ; Value    ; Type                                            ;
+----------------+----------+-------------------------------------------------+
; CLK_HZ         ; 50000000 ; Signed Integer                                  ;
; FRAME_US       ; 20000    ; Signed Integer                                  ;
; MIN_US         ; 1000     ; Signed Integer                                  ;
; MAX_US         ; 2000     ; Signed Integer                                  ;
+----------------+----------+-------------------------------------------------+
Note: In order to hide this table in the UI and the text report file, please set the "Show Parameter Settings in Synthesis Report" option in "Analysis and Synthesis Settings -> More Settings" to "Off".


+-----------------------------------------------------------------------------+
; Parameter Settings for User Entity Instance: pwm_test:pwm_inst|servo_pwm:u4 ;
+----------------+----------+-------------------------------------------------+
; Parameter Name ; Value    ; Type                                            ;
+----------------+----------+-------------------------------------------------+
; CLK_HZ         ; 50000000 ; Signed Integer                                  ;
; FRAME_US       ; 20000    ; Signed Integer                                  ;
; MIN_US         ; 1000     ; Signed Integer                                  ;
; MAX_US         ; 2000     ; Signed Integer                                  ;
+----------------+----------+-------------------------------------------------+
Note: In order to hide this table in the UI and the text report file, please set the "Show Parameter Settings in Synthesis Report" option in "Analysis and Synthesis Settings -> More Settings" to "Off".


+-----------------------------------------------------+
; Post-Synthesis Netlist Statistics for Top Partition ;
+-----------------------+-----------------------------+
; Type                  ; Count                       ;
+-----------------------+-----------------------------+
; arriav_ff             ; 187                         ;
;     ENA               ; 15                          ;
;     SCLR              ; 32                          ;
;     plain             ; 140                         ;
; arriav_lcell_comb     ; 227                         ;
;     arith             ; 70                          ;
;         1 data inputs ; 55                          ;
;         2 data inputs ; 15                          ;
;     normal            ; 157                         ;
;         1 data inputs ; 8                           ;
;         2 data inputs ; 28                          ;
;         3 data inputs ; 2                           ;
;         4 data inputs ; 22                          ;
;         5 data inputs ; 27                          ;
;         6 data inputs ; 70                          ;
; arriav_mac            ; 5                           ;
; boundary_port         ; 6                           ;
;                       ;                             ;
; Max LUT depth         ; 4.10                        ;
; Average LUT depth     ; 2.61                        ;
+-----------------------+-----------------------------+


+-------------------------------+
; Elapsed Time Per Partition    ;
+----------------+--------------+
; Partition Name ; Elapsed Time ;
+----------------+--------------+
; Top            ; 00:00:00     ;
+----------------+--------------+


+-------------------------------+
; Analysis & Synthesis Messages ;
+-------------------------------+
Info: *******************************************************************
Info: Running Quartus Prime Analysis & Synthesis
    Info: Version 16.1.2 Build 203 01/18/2017 SJ Lite Edition
    Info: Processing started: Sun Aug 10 01:12:59 2025
Info: Command: quartus_map --read_settings_files=on --write_settings_files=off FPGA_Bionic_Robot_Arm -c FPGA_Bionic_Robot_Arm
Warning (18236): Number of processors has not been specified which may cause overloading on shared machines.  Set the global assignment NUM_PARALLEL_PROCESSORS in your QSF to an appropriate value for best performance.
Info (20030): Parallel compilation is enabled and will use 14 of the 14 processors detected
Info (12021): Found 1 design units, including 1 entities, in source file servo_pwm.v
    Info (12023): Found entity 1: servo_pwm File: C:/Users/renew/Downloads/vscode/FPGA-Bionic-Robot-Arm/FPGA_Bionic_Robot_Arm/servo_pwm.v Line: 1
Info (12021): Found 1 design units, including 1 entities, in source file pwm_test.v
    Info (12023): Found entity 1: pwm_test File: C:/Users/renew/Downloads/vscode/FPGA-Bionic-Robot-Arm/FPGA_Bionic_Robot_Arm/pwm_test.v Line: 2
Info (12021): Found 1 design units, including 1 entities, in source file fpga_bionic_robot_arm.v
    Info (12023): Found entity 1: FPGA_Bionic_Robot_Arm File: C:/Users/renew/Downloads/vscode/FPGA-Bionic-Robot-Arm/FPGA_Bionic_Robot_Arm/FPGA_Bionic_Robot_Arm.v Line: 1
Info (12127): Elaborating entity "FPGA_Bionic_Robot_Arm" for the top level hierarchy
Info (12128): Elaborating entity "pwm_test" for hierarchy "pwm_test:pwm_inst" File: C:/Users/renew/Downloads/vscode/FPGA-Bionic-Robot-Arm/FPGA_Bionic_Robot_Arm/FPGA_Bionic_Robot_Arm.v Line: 14
Warning (10230): Verilog HDL assignment warning at pwm_test.v(8): truncated value with size 32 to match size of target (24) File: C:/Users/renew/Downloads/vscode/FPGA-Bionic-Robot-Arm/FPGA_Bionic_Robot_Arm/pwm_test.v Line: 8
Warning (10230): Verilog HDL assignment warning at pwm_test.v(20): truncated value with size 32 to match size of target (16) File: C:/Users/renew/Downloads/vscode/FPGA-Bionic-Robot-Arm/FPGA_Bionic_Robot_Arm/pwm_test.v Line: 20
Warning (10230): Verilog HDL assignment warning at pwm_test.v(26): truncated value with size 32 to match size of target (16) File: C:/Users/renew/Downloads/vscode/FPGA-Bionic-Robot-Arm/FPGA_Bionic_Robot_Arm/pwm_test.v Line: 26
Info (12128): Elaborating entity "servo_pwm" for hierarchy "pwm_test:pwm_inst|servo_pwm:u0" File: C:/Users/renew/Downloads/vscode/FPGA-Bionic-Robot-Arm/FPGA_Bionic_Robot_Arm/pwm_test.v Line: 32
Warning (10230): Verilog HDL assignment warning at servo_pwm.v(17): truncated value with size 32 to match size of target (16) File: C:/Users/renew/Downloads/vscode/FPGA-Bionic-Robot-Arm/FPGA_Bionic_Robot_Arm/servo_pwm.v Line: 17
Warning (12011): Net is missing source, defaulting to GND
    Warning (12110): Net "pwm_test:pwm_inst|width_us[0]" is missing source, defaulting to GND File: C:/Users/renew/Downloads/vscode/FPGA-Bionic-Robot-Arm/FPGA_Bionic_Robot_Arm/pwm_test.v Line: 13
Info (286030): Timing-Driven Synthesis is running
Info (16010): Generating hard_block partition "hard_block:auto_generated_inst"
    Info (16011): Adding 0 node(s), including 0 DDIO, 0 PLL, 0 transceiver and 0 LCELL
Info (21057): Implemented 348 device resources after synthesis - the final resource count might be different
    Info (21058): Implemented 1 input pins
    Info (21059): Implemented 5 output pins
    Info (21061): Implemented 337 logic cells
    Info (21062): Implemented 5 DSP elements
Info: Quartus Prime Analysis & Synthesis was successful. 0 errors, 7 warnings
    Info: Peak virtual memory: 4885 megabytes
    Info: Processing ended: Sun Aug 10 01:13:10 2025
    Info: Elapsed time: 00:00:11
    Info: Total CPU time (on all processors): 00:00:21


